{
  message: 'Database connection established successfully',
  level: 'info',
  service: 'ms-trips',
  version: '1.0.0',
  timestamp: '2025-09-20 18:29:09'
}
{
  service: 'ms-trips',
  version: '1.0.0',
  name: 'SequelizeDatabaseError',
  parent: Error: Key column 'originCity' doesn't exist in table
      at Packet.asError (/home/leonardo/Cursos/Cloud/proyecto-parcial/bus-mvp/backend/ms-trips/node_modules/mysql2/lib/packets/packet.js:740:17)
      at Query.execute (/home/leonardo/Cursos/Cloud/proyecto-parcial/bus-mvp/backend/ms-trips/node_modules/mysql2/lib/commands/command.js:29:26)
      at Connection.handlePacket (/home/leonardo/Cursos/Cloud/proyecto-parcial/bus-mvp/backend/ms-trips/node_modules/mysql2/lib/base/connection.js:475:34)
      at PacketParser.onPacket (/home/leonardo/Cursos/Cloud/proyecto-parcial/bus-mvp/backend/ms-trips/node_modules/mysql2/lib/base/connection.js:93:12)
      at PacketParser.executeStart (/home/leonardo/Cursos/Cloud/proyecto-parcial/bus-mvp/backend/ms-trips/node_modules/mysql2/lib/packet_parser.js:75:16)
      at Socket.<anonymous> (/home/leonardo/Cursos/Cloud/proyecto-parcial/bus-mvp/backend/ms-trips/node_modules/mysql2/lib/base/connection.js:100:25)
      at Socket.emit (node:events:508:28)
      at addChunk (node:internal/streams/readable:559:12)
      at readableAddChunkPushByteMode (node:internal/streams/readable:510:3)
      at Readable.push (node:internal/streams/readable:390:5) {
    code: 'ER_KEY_COLUMN_DOES_NOT_EXITS',
    errno: 1072,
    sqlState: '42000',
    sqlMessage: "Key column 'originCity' doesn't exist in table",
    sql: 'ALTER TABLE `routes` ADD INDEX `idx_routes_cities` (`originCity`, `destinationCity`)',
    parameters: undefined
  },
  original: Error: Key column 'originCity' doesn't exist in table
      at Packet.asError (/home/leonardo/Cursos/Cloud/proyecto-parcial/bus-mvp/backend/ms-trips/node_modules/mysql2/lib/packets/packet.js:740:17)
      at Query.execute (/home/leonardo/Cursos/Cloud/proyecto-parcial/bus-mvp/backend/ms-trips/node_modules/mysql2/lib/commands/command.js:29:26)
      at Connection.handlePacket (/home/leonardo/Cursos/Cloud/proyecto-parcial/bus-mvp/backend/ms-trips/node_modules/mysql2/lib/base/connection.js:475:34)
      at PacketParser.onPacket (/home/leonardo/Cursos/Cloud/proyecto-parcial/bus-mvp/backend/ms-trips/node_modules/mysql2/lib/base/connection.js:93:12)
      at PacketParser.executeStart (/home/leonardo/Cursos/Cloud/proyecto-parcial/bus-mvp/backend/ms-trips/node_modules/mysql2/lib/packet_parser.js:75:16)
      at Socket.<anonymous> (/home/leonardo/Cursos/Cloud/proyecto-parcial/bus-mvp/backend/ms-trips/node_modules/mysql2/lib/base/connection.js:100:25)
      at Socket.emit (node:events:508:28)
      at addChunk (node:internal/streams/readable:559:12)
      at readableAddChunkPushByteMode (node:internal/streams/readable:510:3)
      at Readable.push (node:internal/streams/readable:390:5) {
    code: 'ER_KEY_COLUMN_DOES_NOT_EXITS',
    errno: 1072,
    sqlState: '42000',
    sqlMessage: "Key column 'originCity' doesn't exist in table",
    sql: 'ALTER TABLE `routes` ADD INDEX `idx_routes_cities` (`originCity`, `destinationCity`)',
    parameters: undefined
  },
  sql: 'ALTER TABLE `routes` ADD INDEX `idx_routes_cities` (`originCity`, `destinationCity`)',
  parameters: {},
  level: 'error',
  message: "Failed to start server: Key column 'originCity' doesn't exist in table",
  stack: 'Error\n' +
    '    at Query.run (/home/leonardo/Cursos/Cloud/proyecto-parcial/bus-mvp/backend/ms-trips/node_modules/sequelize/lib/dialects/mysql/query.js:52:25)\n' +
    '    at /home/leonardo/Cursos/Cloud/proyecto-parcial/bus-mvp/backend/ms-trips/node_modules/sequelize/lib/sequelize.js:315:28\n' +
    '    at process.processTicksAndRejections (node:internal/process/task_queues:105:5)\n' +
    '    at async MySQLQueryInterface.addIndex (/home/leonardo/Cursos/Cloud/proyecto-parcial/bus-mvp/backend/ms-trips/node_modules/sequelize/lib/dialects/abstract/query-interface.js:250:12)\n' +
    '    at async Route.sync (/home/leonardo/Cursos/Cloud/proyecto-parcial/bus-mvp/backend/ms-trips/node_modules/sequelize/lib/model.js:999:7)\n' +
    '    at async Sequelize.sync (/home/leonardo/Cursos/Cloud/proyecto-parcial/bus-mvp/backend/ms-trips/node_modules/sequelize/lib/sequelize.js:377:9)\n' +
    '    at async startServer (/home/leonardo/Cursos/Cloud/proyecto-parcial/bus-mvp/backend/ms-trips/src/server.js:15:7)',
  timestamp: '2025-09-20 18:29:09'
}
{
  message: 'Database connection established successfully',
  level: 'info',
  service: 'ms-trips',
  version: '1.0.0',
  timestamp: '2025-09-20 18:30:58'
}
{
  service: 'ms-trips',
  version: '1.0.0',
  name: 'SequelizeDatabaseError',
  parent: Error: Failed to add the foreign key constraint. Missing column 'routeId' for constraint 'trips_ibfk_1' in the referenced table 'routes'
      at Packet.asError (/home/leonardo/Cursos/Cloud/proyecto-parcial/bus-mvp/backend/ms-trips/node_modules/mysql2/lib/packets/packet.js:740:17)
      at Query.execute (/home/leonardo/Cursos/Cloud/proyecto-parcial/bus-mvp/backend/ms-trips/node_modules/mysql2/lib/commands/command.js:29:26)
      at Connection.handlePacket (/home/leonardo/Cursos/Cloud/proyecto-parcial/bus-mvp/backend/ms-trips/node_modules/mysql2/lib/base/connection.js:475:34)
      at PacketParser.onPacket (/home/leonardo/Cursos/Cloud/proyecto-parcial/bus-mvp/backend/ms-trips/node_modules/mysql2/lib/base/connection.js:93:12)
      at PacketParser.executeStart (/home/leonardo/Cursos/Cloud/proyecto-parcial/bus-mvp/backend/ms-trips/node_modules/mysql2/lib/packet_parser.js:75:16)
      at Socket.<anonymous> (/home/leonardo/Cursos/Cloud/proyecto-parcial/bus-mvp/backend/ms-trips/node_modules/mysql2/lib/base/connection.js:100:25)
      at Socket.emit (node:events:508:28)
      at addChunk (node:internal/streams/readable:559:12)
      at readableAddChunkPushByteMode (node:internal/streams/readable:510:3)
      at Readable.push (node:internal/streams/readable:390:5) {
    code: 'ER_FK_NO_COLUMN_PARENT',
    errno: 3734,
    sqlState: 'HY000',
    sqlMessage: "Failed to add the foreign key constraint. Missing column 'routeId' for constraint 'trips_ibfk_1' in the referenced table 'routes'",
    sql: "CREATE TABLE IF NOT EXISTS `trips` (`trip_id` VARCHAR(50) NOT NULL  COMMENT 'Identificador único del viaje (formato: TRP_YYYYMMDD_ORG_DST_HH)', `route_id` VARCHAR(20) NOT NULL COMMENT 'ID de la ruta asociada', `departure_date_time` DATETIME NOT NULL COMMENT 'Fecha y hora de salida', `arrival_date_time` DATETIME NOT NULL COMMENT 'Fecha y hora de llegada', `bus_capacity` INTEGER NOT NULL COMMENT 'Capacidad total del autobús', `available_seats` INTEGER NOT NULL COMMENT 'Asientos disponibles', `final_price` DECIMAL(10,2) NOT NULL COMMENT 'Precio final del viaje (puede diferir del precio base de la ruta)', `status` ENUM('scheduled', 'in_progress', 'completed', 'cancelled') NOT NULL DEFAULT 'scheduled' COMMENT 'Estado actual del viaje', `driver_name` VARCHAR(100) COMMENT 'Nombre del conductor asignado', `bus_plate` VARCHAR(20) COMMENT 'Placa del autobús asignado', `created_at` DATETIME NOT NULL, `updated_at` DATETIME NOT NULL, PRIMARY KEY (`trip_id`), FOREIGN KEY (`route_id`) REFERENCES `routes` (`routeId`) ON DELETE RESTRICT ON UPDATE CASCADE) ENGINE=InnoDB;",
    parameters: undefined
  },
  original: Error: Failed to add the foreign key constraint. Missing column 'routeId' for constraint 'trips_ibfk_1' in the referenced table 'routes'
      at Packet.asError (/home/leonardo/Cursos/Cloud/proyecto-parcial/bus-mvp/backend/ms-trips/node_modules/mysql2/lib/packets/packet.js:740:17)
      at Query.execute (/home/leonardo/Cursos/Cloud/proyecto-parcial/bus-mvp/backend/ms-trips/node_modules/mysql2/lib/commands/command.js:29:26)
      at Connection.handlePacket (/home/leonardo/Cursos/Cloud/proyecto-parcial/bus-mvp/backend/ms-trips/node_modules/mysql2/lib/base/connection.js:475:34)
      at PacketParser.onPacket (/home/leonardo/Cursos/Cloud/proyecto-parcial/bus-mvp/backend/ms-trips/node_modules/mysql2/lib/base/connection.js:93:12)
      at PacketParser.executeStart (/home/leonardo/Cursos/Cloud/proyecto-parcial/bus-mvp/backend/ms-trips/node_modules/mysql2/lib/packet_parser.js:75:16)
      at Socket.<anonymous> (/home/leonardo/Cursos/Cloud/proyecto-parcial/bus-mvp/backend/ms-trips/node_modules/mysql2/lib/base/connection.js:100:25)
      at Socket.emit (node:events:508:28)
      at addChunk (node:internal/streams/readable:559:12)
      at readableAddChunkPushByteMode (node:internal/streams/readable:510:3)
      at Readable.push (node:internal/streams/readable:390:5) {
    code: 'ER_FK_NO_COLUMN_PARENT',
    errno: 3734,
    sqlState: 'HY000',
    sqlMessage: "Failed to add the foreign key constraint. Missing column 'routeId' for constraint 'trips_ibfk_1' in the referenced table 'routes'",
    sql: "CREATE TABLE IF NOT EXISTS `trips` (`trip_id` VARCHAR(50) NOT NULL  COMMENT 'Identificador único del viaje (formato: TRP_YYYYMMDD_ORG_DST_HH)', `route_id` VARCHAR(20) NOT NULL COMMENT 'ID de la ruta asociada', `departure_date_time` DATETIME NOT NULL COMMENT 'Fecha y hora de salida', `arrival_date_time` DATETIME NOT NULL COMMENT 'Fecha y hora de llegada', `bus_capacity` INTEGER NOT NULL COMMENT 'Capacidad total del autobús', `available_seats` INTEGER NOT NULL COMMENT 'Asientos disponibles', `final_price` DECIMAL(10,2) NOT NULL COMMENT 'Precio final del viaje (puede diferir del precio base de la ruta)', `status` ENUM('scheduled', 'in_progress', 'completed', 'cancelled') NOT NULL DEFAULT 'scheduled' COMMENT 'Estado actual del viaje', `driver_name` VARCHAR(100) COMMENT 'Nombre del conductor asignado', `bus_plate` VARCHAR(20) COMMENT 'Placa del autobús asignado', `created_at` DATETIME NOT NULL, `updated_at` DATETIME NOT NULL, PRIMARY KEY (`trip_id`), FOREIGN KEY (`route_id`) REFERENCES `routes` (`routeId`) ON DELETE RESTRICT ON UPDATE CASCADE) ENGINE=InnoDB;",
    parameters: undefined
  },
  sql: "CREATE TABLE IF NOT EXISTS `trips` (`trip_id` VARCHAR(50) NOT NULL  COMMENT 'Identificador único del viaje (formato: TRP_YYYYMMDD_ORG_DST_HH)', `route_id` VARCHAR(20) NOT NULL COMMENT 'ID de la ruta asociada', `departure_date_time` DATETIME NOT NULL COMMENT 'Fecha y hora de salida', `arrival_date_time` DATETIME NOT NULL COMMENT 'Fecha y hora de llegada', `bus_capacity` INTEGER NOT NULL COMMENT 'Capacidad total del autobús', `available_seats` INTEGER NOT NULL COMMENT 'Asientos disponibles', `final_price` DECIMAL(10,2) NOT NULL COMMENT 'Precio final del viaje (puede diferir del precio base de la ruta)', `status` ENUM('scheduled', 'in_progress', 'completed', 'cancelled') NOT NULL DEFAULT 'scheduled' COMMENT 'Estado actual del viaje', `driver_name` VARCHAR(100) COMMENT 'Nombre del conductor asignado', `bus_plate` VARCHAR(20) COMMENT 'Placa del autobús asignado', `created_at` DATETIME NOT NULL, `updated_at` DATETIME NOT NULL, PRIMARY KEY (`trip_id`), FOREIGN KEY (`route_id`) REFERENCES `routes` (`routeId`) ON DELETE RESTRICT ON UPDATE CASCADE) ENGINE=InnoDB;",
  parameters: {},
  level: 'error',
  message: "Failed to start server: Failed to add the foreign key constraint. Missing column 'routeId' for constraint 'trips_ibfk_1' in the referenced table 'routes'",
  stack: 'Error\n' +
    '    at Query.run (/home/leonardo/Cursos/Cloud/proyecto-parcial/bus-mvp/backend/ms-trips/node_modules/sequelize/lib/dialects/mysql/query.js:52:25)\n' +
    '    at /home/leonardo/Cursos/Cloud/proyecto-parcial/bus-mvp/backend/ms-trips/node_modules/sequelize/lib/sequelize.js:315:28\n' +
    '    at process.processTicksAndRejections (node:internal/process/task_queues:105:5)\n' +
    '    at async MySQLQueryInterface.createTable (/home/leonardo/Cursos/Cloud/proyecto-parcial/bus-mvp/backend/ms-trips/node_modules/sequelize/lib/dialects/abstract/query-interface.js:98:12)\n' +
    '    at async Trip.sync (/home/leonardo/Cursos/Cloud/proyecto-parcial/bus-mvp/backend/ms-trips/node_modules/sequelize/lib/model.js:942:7)\n' +
    '    at async Sequelize.sync (/home/leonardo/Cursos/Cloud/proyecto-parcial/bus-mvp/backend/ms-trips/node_modules/sequelize/lib/sequelize.js:377:9)\n' +
    '    at async startServer (/home/leonardo/Cursos/Cloud/proyecto-parcial/bus-mvp/backend/ms-trips/src/server.js:15:7)',
  timestamp: '2025-09-20 18:30:58'
}
{
  message: 'Database connection established successfully',
  level: 'info',
  service: 'ms-trips',
  version: '1.0.0',
  timestamp: '2025-09-20 18:32:59'
}
{
  service: 'ms-trips',
  version: '1.0.0',
  name: 'SequelizeDatabaseError',
  parent: Error: Failed to add the foreign key constraint. Missing column 'routeId' for constraint 'trips_ibfk_1' in the referenced table 'routes'
      at Packet.asError (/home/leonardo/Cursos/Cloud/proyecto-parcial/bus-mvp/backend/ms-trips/node_modules/mysql2/lib/packets/packet.js:740:17)
      at Query.execute (/home/leonardo/Cursos/Cloud/proyecto-parcial/bus-mvp/backend/ms-trips/node_modules/mysql2/lib/commands/command.js:29:26)
      at Connection.handlePacket (/home/leonardo/Cursos/Cloud/proyecto-parcial/bus-mvp/backend/ms-trips/node_modules/mysql2/lib/base/connection.js:475:34)
      at PacketParser.onPacket (/home/leonardo/Cursos/Cloud/proyecto-parcial/bus-mvp/backend/ms-trips/node_modules/mysql2/lib/base/connection.js:93:12)
      at PacketParser.executeStart (/home/leonardo/Cursos/Cloud/proyecto-parcial/bus-mvp/backend/ms-trips/node_modules/mysql2/lib/packet_parser.js:75:16)
      at Socket.<anonymous> (/home/leonardo/Cursos/Cloud/proyecto-parcial/bus-mvp/backend/ms-trips/node_modules/mysql2/lib/base/connection.js:100:25)
      at Socket.emit (node:events:508:28)
      at addChunk (node:internal/streams/readable:559:12)
      at readableAddChunkPushByteMode (node:internal/streams/readable:510:3)
      at Readable.push (node:internal/streams/readable:390:5) {
    code: 'ER_FK_NO_COLUMN_PARENT',
    errno: 3734,
    sqlState: 'HY000',
    sqlMessage: "Failed to add the foreign key constraint. Missing column 'routeId' for constraint 'trips_ibfk_1' in the referenced table 'routes'",
    sql: "CREATE TABLE IF NOT EXISTS `trips` (`trip_id` VARCHAR(50) NOT NULL  COMMENT 'Identificador único del viaje (formato: TRP_YYYYMMDD_ORG_DST_HH)', `route_id` VARCHAR(20) NOT NULL COMMENT 'ID de la ruta asociada', `departure_date_time` DATETIME NOT NULL COMMENT 'Fecha y hora de salida', `arrival_date_time` DATETIME NOT NULL COMMENT 'Fecha y hora de llegada', `bus_capacity` INTEGER NOT NULL COMMENT 'Capacidad total del autobús', `available_seats` INTEGER NOT NULL COMMENT 'Asientos disponibles', `final_price` DECIMAL(10,2) NOT NULL COMMENT 'Precio final del viaje (puede diferir del precio base de la ruta)', `status` ENUM('scheduled', 'in_progress', 'completed', 'cancelled') NOT NULL DEFAULT 'scheduled' COMMENT 'Estado actual del viaje', `driver_name` VARCHAR(100) COMMENT 'Nombre del conductor asignado', `bus_plate` VARCHAR(20) COMMENT 'Placa del autobús asignado', `created_at` DATETIME NOT NULL, `updated_at` DATETIME NOT NULL, PRIMARY KEY (`trip_id`), FOREIGN KEY (`route_id`) REFERENCES `routes` (`routeId`) ON DELETE RESTRICT ON UPDATE CASCADE) ENGINE=InnoDB;",
    parameters: undefined
  },
  original: Error: Failed to add the foreign key constraint. Missing column 'routeId' for constraint 'trips_ibfk_1' in the referenced table 'routes'
      at Packet.asError (/home/leonardo/Cursos/Cloud/proyecto-parcial/bus-mvp/backend/ms-trips/node_modules/mysql2/lib/packets/packet.js:740:17)
      at Query.execute (/home/leonardo/Cursos/Cloud/proyecto-parcial/bus-mvp/backend/ms-trips/node_modules/mysql2/lib/commands/command.js:29:26)
      at Connection.handlePacket (/home/leonardo/Cursos/Cloud/proyecto-parcial/bus-mvp/backend/ms-trips/node_modules/mysql2/lib/base/connection.js:475:34)
      at PacketParser.onPacket (/home/leonardo/Cursos/Cloud/proyecto-parcial/bus-mvp/backend/ms-trips/node_modules/mysql2/lib/base/connection.js:93:12)
      at PacketParser.executeStart (/home/leonardo/Cursos/Cloud/proyecto-parcial/bus-mvp/backend/ms-trips/node_modules/mysql2/lib/packet_parser.js:75:16)
      at Socket.<anonymous> (/home/leonardo/Cursos/Cloud/proyecto-parcial/bus-mvp/backend/ms-trips/node_modules/mysql2/lib/base/connection.js:100:25)
      at Socket.emit (node:events:508:28)
      at addChunk (node:internal/streams/readable:559:12)
      at readableAddChunkPushByteMode (node:internal/streams/readable:510:3)
      at Readable.push (node:internal/streams/readable:390:5) {
    code: 'ER_FK_NO_COLUMN_PARENT',
    errno: 3734,
    sqlState: 'HY000',
    sqlMessage: "Failed to add the foreign key constraint. Missing column 'routeId' for constraint 'trips_ibfk_1' in the referenced table 'routes'",
    sql: "CREATE TABLE IF NOT EXISTS `trips` (`trip_id` VARCHAR(50) NOT NULL  COMMENT 'Identificador único del viaje (formato: TRP_YYYYMMDD_ORG_DST_HH)', `route_id` VARCHAR(20) NOT NULL COMMENT 'ID de la ruta asociada', `departure_date_time` DATETIME NOT NULL COMMENT 'Fecha y hora de salida', `arrival_date_time` DATETIME NOT NULL COMMENT 'Fecha y hora de llegada', `bus_capacity` INTEGER NOT NULL COMMENT 'Capacidad total del autobús', `available_seats` INTEGER NOT NULL COMMENT 'Asientos disponibles', `final_price` DECIMAL(10,2) NOT NULL COMMENT 'Precio final del viaje (puede diferir del precio base de la ruta)', `status` ENUM('scheduled', 'in_progress', 'completed', 'cancelled') NOT NULL DEFAULT 'scheduled' COMMENT 'Estado actual del viaje', `driver_name` VARCHAR(100) COMMENT 'Nombre del conductor asignado', `bus_plate` VARCHAR(20) COMMENT 'Placa del autobús asignado', `created_at` DATETIME NOT NULL, `updated_at` DATETIME NOT NULL, PRIMARY KEY (`trip_id`), FOREIGN KEY (`route_id`) REFERENCES `routes` (`routeId`) ON DELETE RESTRICT ON UPDATE CASCADE) ENGINE=InnoDB;",
    parameters: undefined
  },
  sql: "CREATE TABLE IF NOT EXISTS `trips` (`trip_id` VARCHAR(50) NOT NULL  COMMENT 'Identificador único del viaje (formato: TRP_YYYYMMDD_ORG_DST_HH)', `route_id` VARCHAR(20) NOT NULL COMMENT 'ID de la ruta asociada', `departure_date_time` DATETIME NOT NULL COMMENT 'Fecha y hora de salida', `arrival_date_time` DATETIME NOT NULL COMMENT 'Fecha y hora de llegada', `bus_capacity` INTEGER NOT NULL COMMENT 'Capacidad total del autobús', `available_seats` INTEGER NOT NULL COMMENT 'Asientos disponibles', `final_price` DECIMAL(10,2) NOT NULL COMMENT 'Precio final del viaje (puede diferir del precio base de la ruta)', `status` ENUM('scheduled', 'in_progress', 'completed', 'cancelled') NOT NULL DEFAULT 'scheduled' COMMENT 'Estado actual del viaje', `driver_name` VARCHAR(100) COMMENT 'Nombre del conductor asignado', `bus_plate` VARCHAR(20) COMMENT 'Placa del autobús asignado', `created_at` DATETIME NOT NULL, `updated_at` DATETIME NOT NULL, PRIMARY KEY (`trip_id`), FOREIGN KEY (`route_id`) REFERENCES `routes` (`routeId`) ON DELETE RESTRICT ON UPDATE CASCADE) ENGINE=InnoDB;",
  parameters: {},
  level: 'error',
  message: "Failed to start server: Failed to add the foreign key constraint. Missing column 'routeId' for constraint 'trips_ibfk_1' in the referenced table 'routes'",
  stack: 'Error\n' +
    '    at Query.run (/home/leonardo/Cursos/Cloud/proyecto-parcial/bus-mvp/backend/ms-trips/node_modules/sequelize/lib/dialects/mysql/query.js:52:25)\n' +
    '    at /home/leonardo/Cursos/Cloud/proyecto-parcial/bus-mvp/backend/ms-trips/node_modules/sequelize/lib/sequelize.js:315:28\n' +
    '    at process.processTicksAndRejections (node:internal/process/task_queues:105:5)\n' +
    '    at async MySQLQueryInterface.createTable (/home/leonardo/Cursos/Cloud/proyecto-parcial/bus-mvp/backend/ms-trips/node_modules/sequelize/lib/dialects/abstract/query-interface.js:98:12)\n' +
    '    at async Trip.sync (/home/leonardo/Cursos/Cloud/proyecto-parcial/bus-mvp/backend/ms-trips/node_modules/sequelize/lib/model.js:942:7)\n' +
    '    at async Sequelize.sync (/home/leonardo/Cursos/Cloud/proyecto-parcial/bus-mvp/backend/ms-trips/node_modules/sequelize/lib/sequelize.js:377:9)\n' +
    '    at async startServer (/home/leonardo/Cursos/Cloud/proyecto-parcial/bus-mvp/backend/ms-trips/src/server.js:15:7)',
  timestamp: '2025-09-20 18:32:59'
}
{
  message: 'Database connection established successfully',
  level: 'info',
  service: 'ms-trips',
  version: '1.0.0',
  timestamp: '2025-09-20 18:33:41'
}
{
  service: 'ms-trips',
  version: '1.0.0',
  name: 'SequelizeDatabaseError',
  parent: Error: Failed to add the foreign key constraint. Missing column 'routeId' for constraint 'trips_ibfk_1' in the referenced table 'routes'
      at Packet.asError (/home/leonardo/Cursos/Cloud/proyecto-parcial/bus-mvp/backend/ms-trips/node_modules/mysql2/lib/packets/packet.js:740:17)
      at Query.execute (/home/leonardo/Cursos/Cloud/proyecto-parcial/bus-mvp/backend/ms-trips/node_modules/mysql2/lib/commands/command.js:29:26)
      at Connection.handlePacket (/home/leonardo/Cursos/Cloud/proyecto-parcial/bus-mvp/backend/ms-trips/node_modules/mysql2/lib/base/connection.js:475:34)
      at PacketParser.onPacket (/home/leonardo/Cursos/Cloud/proyecto-parcial/bus-mvp/backend/ms-trips/node_modules/mysql2/lib/base/connection.js:93:12)
      at PacketParser.executeStart (/home/leonardo/Cursos/Cloud/proyecto-parcial/bus-mvp/backend/ms-trips/node_modules/mysql2/lib/packet_parser.js:75:16)
      at Socket.<anonymous> (/home/leonardo/Cursos/Cloud/proyecto-parcial/bus-mvp/backend/ms-trips/node_modules/mysql2/lib/base/connection.js:100:25)
      at Socket.emit (node:events:508:28)
      at addChunk (node:internal/streams/readable:559:12)
      at readableAddChunkPushByteMode (node:internal/streams/readable:510:3)
      at Readable.push (node:internal/streams/readable:390:5) {
    code: 'ER_FK_NO_COLUMN_PARENT',
    errno: 3734,
    sqlState: 'HY000',
    sqlMessage: "Failed to add the foreign key constraint. Missing column 'routeId' for constraint 'trips_ibfk_1' in the referenced table 'routes'",
    sql: "CREATE TABLE IF NOT EXISTS `trips` (`trip_id` VARCHAR(50) NOT NULL  COMMENT 'Identificador único del viaje (formato: TRP_YYYYMMDD_ORG_DST_HH)', `route_id` VARCHAR(20) NOT NULL COMMENT 'ID de la ruta asociada', `departure_date_time` DATETIME NOT NULL COMMENT 'Fecha y hora de salida', `arrival_date_time` DATETIME NOT NULL COMMENT 'Fecha y hora de llegada', `bus_capacity` INTEGER NOT NULL COMMENT 'Capacidad total del autobús', `available_seats` INTEGER NOT NULL COMMENT 'Asientos disponibles', `final_price` DECIMAL(10,2) NOT NULL COMMENT 'Precio final del viaje (puede diferir del precio base de la ruta)', `status` ENUM('scheduled', 'in_progress', 'completed', 'cancelled') NOT NULL DEFAULT 'scheduled' COMMENT 'Estado actual del viaje', `driver_name` VARCHAR(100) COMMENT 'Nombre del conductor asignado', `bus_plate` VARCHAR(20) COMMENT 'Placa del autobús asignado', `created_at` DATETIME NOT NULL, `updated_at` DATETIME NOT NULL, PRIMARY KEY (`trip_id`), FOREIGN KEY (`route_id`) REFERENCES `routes` (`routeId`) ON DELETE RESTRICT ON UPDATE CASCADE) ENGINE=InnoDB;",
    parameters: undefined
  },
  original: Error: Failed to add the foreign key constraint. Missing column 'routeId' for constraint 'trips_ibfk_1' in the referenced table 'routes'
      at Packet.asError (/home/leonardo/Cursos/Cloud/proyecto-parcial/bus-mvp/backend/ms-trips/node_modules/mysql2/lib/packets/packet.js:740:17)
      at Query.execute (/home/leonardo/Cursos/Cloud/proyecto-parcial/bus-mvp/backend/ms-trips/node_modules/mysql2/lib/commands/command.js:29:26)
      at Connection.handlePacket (/home/leonardo/Cursos/Cloud/proyecto-parcial/bus-mvp/backend/ms-trips/node_modules/mysql2/lib/base/connection.js:475:34)
      at PacketParser.onPacket (/home/leonardo/Cursos/Cloud/proyecto-parcial/bus-mvp/backend/ms-trips/node_modules/mysql2/lib/base/connection.js:93:12)
      at PacketParser.executeStart (/home/leonardo/Cursos/Cloud/proyecto-parcial/bus-mvp/backend/ms-trips/node_modules/mysql2/lib/packet_parser.js:75:16)
      at Socket.<anonymous> (/home/leonardo/Cursos/Cloud/proyecto-parcial/bus-mvp/backend/ms-trips/node_modules/mysql2/lib/base/connection.js:100:25)
      at Socket.emit (node:events:508:28)
      at addChunk (node:internal/streams/readable:559:12)
      at readableAddChunkPushByteMode (node:internal/streams/readable:510:3)
      at Readable.push (node:internal/streams/readable:390:5) {
    code: 'ER_FK_NO_COLUMN_PARENT',
    errno: 3734,
    sqlState: 'HY000',
    sqlMessage: "Failed to add the foreign key constraint. Missing column 'routeId' for constraint 'trips_ibfk_1' in the referenced table 'routes'",
    sql: "CREATE TABLE IF NOT EXISTS `trips` (`trip_id` VARCHAR(50) NOT NULL  COMMENT 'Identificador único del viaje (formato: TRP_YYYYMMDD_ORG_DST_HH)', `route_id` VARCHAR(20) NOT NULL COMMENT 'ID de la ruta asociada', `departure_date_time` DATETIME NOT NULL COMMENT 'Fecha y hora de salida', `arrival_date_time` DATETIME NOT NULL COMMENT 'Fecha y hora de llegada', `bus_capacity` INTEGER NOT NULL COMMENT 'Capacidad total del autobús', `available_seats` INTEGER NOT NULL COMMENT 'Asientos disponibles', `final_price` DECIMAL(10,2) NOT NULL COMMENT 'Precio final del viaje (puede diferir del precio base de la ruta)', `status` ENUM('scheduled', 'in_progress', 'completed', 'cancelled') NOT NULL DEFAULT 'scheduled' COMMENT 'Estado actual del viaje', `driver_name` VARCHAR(100) COMMENT 'Nombre del conductor asignado', `bus_plate` VARCHAR(20) COMMENT 'Placa del autobús asignado', `created_at` DATETIME NOT NULL, `updated_at` DATETIME NOT NULL, PRIMARY KEY (`trip_id`), FOREIGN KEY (`route_id`) REFERENCES `routes` (`routeId`) ON DELETE RESTRICT ON UPDATE CASCADE) ENGINE=InnoDB;",
    parameters: undefined
  },
  sql: "CREATE TABLE IF NOT EXISTS `trips` (`trip_id` VARCHAR(50) NOT NULL  COMMENT 'Identificador único del viaje (formato: TRP_YYYYMMDD_ORG_DST_HH)', `route_id` VARCHAR(20) NOT NULL COMMENT 'ID de la ruta asociada', `departure_date_time` DATETIME NOT NULL COMMENT 'Fecha y hora de salida', `arrival_date_time` DATETIME NOT NULL COMMENT 'Fecha y hora de llegada', `bus_capacity` INTEGER NOT NULL COMMENT 'Capacidad total del autobús', `available_seats` INTEGER NOT NULL COMMENT 'Asientos disponibles', `final_price` DECIMAL(10,2) NOT NULL COMMENT 'Precio final del viaje (puede diferir del precio base de la ruta)', `status` ENUM('scheduled', 'in_progress', 'completed', 'cancelled') NOT NULL DEFAULT 'scheduled' COMMENT 'Estado actual del viaje', `driver_name` VARCHAR(100) COMMENT 'Nombre del conductor asignado', `bus_plate` VARCHAR(20) COMMENT 'Placa del autobús asignado', `created_at` DATETIME NOT NULL, `updated_at` DATETIME NOT NULL, PRIMARY KEY (`trip_id`), FOREIGN KEY (`route_id`) REFERENCES `routes` (`routeId`) ON DELETE RESTRICT ON UPDATE CASCADE) ENGINE=InnoDB;",
  parameters: {},
  level: 'error',
  message: "Failed to start server: Failed to add the foreign key constraint. Missing column 'routeId' for constraint 'trips_ibfk_1' in the referenced table 'routes'",
  stack: 'Error\n' +
    '    at Query.run (/home/leonardo/Cursos/Cloud/proyecto-parcial/bus-mvp/backend/ms-trips/node_modules/sequelize/lib/dialects/mysql/query.js:52:25)\n' +
    '    at /home/leonardo/Cursos/Cloud/proyecto-parcial/bus-mvp/backend/ms-trips/node_modules/sequelize/lib/sequelize.js:315:28\n' +
    '    at process.processTicksAndRejections (node:internal/process/task_queues:105:5)\n' +
    '    at async MySQLQueryInterface.createTable (/home/leonardo/Cursos/Cloud/proyecto-parcial/bus-mvp/backend/ms-trips/node_modules/sequelize/lib/dialects/abstract/query-interface.js:98:12)\n' +
    '    at async Trip.sync (/home/leonardo/Cursos/Cloud/proyecto-parcial/bus-mvp/backend/ms-trips/node_modules/sequelize/lib/model.js:942:7)\n' +
    '    at async Sequelize.sync (/home/leonardo/Cursos/Cloud/proyecto-parcial/bus-mvp/backend/ms-trips/node_modules/sequelize/lib/sequelize.js:377:9)\n' +
    '    at async startServer (/home/leonardo/Cursos/Cloud/proyecto-parcial/bus-mvp/backend/ms-trips/src/server.js:15:7)',
  timestamp: '2025-09-20 18:33:41'
}
{
  message: 'Database connection established successfully',
  level: 'info',
  service: 'ms-trips',
  version: '1.0.0',
  timestamp: '2025-09-20 18:35:09'
}
{
  message: 'Database synchronized',
  level: 'info',
  service: 'ms-trips',
  version: '1.0.0',
  timestamp: '2025-09-20 18:35:09'
}
{
  message: '🚀 Bus MVP - Trips Service server is running on port 8002',
  level: 'info',
  service: 'ms-trips',
  version: '1.0.0',
  timestamp: '2025-09-20 18:35:09'
}
{
  message: '📚 API Documentation: http://localhost:8002/docs',
  level: 'info',
  service: 'ms-trips',
  version: '1.0.0',
  timestamp: '2025-09-20 18:35:09'
}
{
  message: '🏥 Health Check: http://localhost:8002/health',
  level: 'info',
  service: 'ms-trips',
  version: '1.0.0',
  timestamp: '2025-09-20 18:35:09'
}
{
  message: '🌍 Environment: development',
  level: 'info',
  service: 'ms-trips',
  version: '1.0.0',
  timestamp: '2025-09-20 18:35:09'
}
{
  message: 'Received SIGINT. Starting graceful shutdown...',
  level: 'info',
  service: 'ms-trips',
  version: '1.0.0',
  timestamp: '2025-09-20 18:35:22'
}
{
  message: 'Database connection established successfully',
  level: 'info',
  service: 'ms-trips',
  version: '1.0.0',
  timestamp: '2025-09-20 18:35:39'
}
{
  message: 'Database synchronized',
  level: 'info',
  service: 'ms-trips',
  version: '1.0.0',
  timestamp: '2025-09-20 18:35:39'
}
{
  message: '🚀 Bus MVP - Trips Service server is running on port 8002',
  level: 'info',
  service: 'ms-trips',
  version: '1.0.0',
  timestamp: '2025-09-20 18:35:39'
}
{
  message: '📚 API Documentation: http://localhost:8002/docs',
  level: 'info',
  service: 'ms-trips',
  version: '1.0.0',
  timestamp: '2025-09-20 18:35:39'
}
{
  message: '🏥 Health Check: http://localhost:8002/health',
  level: 'info',
  service: 'ms-trips',
  version: '1.0.0',
  timestamp: '2025-09-20 18:35:39'
}
{
  message: '🌍 Environment: development',
  level: 'info',
  service: 'ms-trips',
  version: '1.0.0',
  timestamp: '2025-09-20 18:35:39'
}
{
  service: 'ms-trips',
  version: '1.0.0',
  ip: '::1',
  userAgent: 'curl/8.16.0',
  level: 'info',
  message: 'GET /health',
  timestamp: '2025-09-20 18:36:00'
}
{
  service: 'ms-trips',
  version: '1.0.0',
  ip: '::1',
  userAgent: 'curl/8.16.0',
  level: 'info',
  message: 'GET /health',
  timestamp: '2025-09-20 18:36:46'
}
{
  service: 'ms-trips',
  version: '1.0.0',
  ip: '::1',
  userAgent: 'curl/8.16.0',
  level: 'info',
  message: 'GET /health/db',
  timestamp: '2025-09-20 18:37:20'
}
{
  message: 'Database connection has been established successfully',
  level: 'info',
  service: 'ms-trips',
  version: '1.0.0',
  timestamp: '2025-09-20 18:37:20'
}
{
  service: 'ms-trips',
  version: '1.0.0',
  ip: '::1',
  userAgent: 'curl/8.16.0',
  level: 'info',
  message: 'GET /',
  timestamp: '2025-09-20 18:37:23'
}
{
  service: 'ms-trips',
  version: '1.0.0',
  ip: '::1',
  userAgent: 'curl/8.16.0',
  level: 'info',
  message: 'GET /api/v1/routes',
  timestamp: '2025-09-20 18:37:29'
}
{
  service: 'ms-trips',
  version: '1.0.0',
  ip: '::1',
  userAgent: 'curl/8.16.0',
  level: 'info',
  message: 'GET /docs',
  timestamp: '2025-09-20 18:37:39'
}
{
  service: 'ms-trips',
  version: '1.0.0',
  ip: '::ffff:127.0.0.1',
  userAgent: 'Mozilla/5.0 (X11; Linux x86_64; rv:142.0) Gecko/20100101 Firefox/142.0',
  level: 'info',
  message: 'GET /docs',
  timestamp: '2025-09-20 18:37:52'
}
{
  service: 'ms-trips',
  version: '1.0.0',
  ip: '::ffff:127.0.0.1',
  userAgent: 'Mozilla/5.0 (X11; Linux x86_64; rv:142.0) Gecko/20100101 Firefox/142.0',
  level: 'info',
  message: 'GET /docs/',
  timestamp: '2025-09-20 18:37:52'
}
{
  service: 'ms-trips',
  version: '1.0.0',
  ip: '::ffff:127.0.0.1',
  userAgent: 'Mozilla/5.0 (X11; Linux x86_64; rv:142.0) Gecko/20100101 Firefox/142.0',
  level: 'info',
  message: 'GET /docs/swagger-ui.css',
  timestamp: '2025-09-20 18:37:52'
}
{
  service: 'ms-trips',
  version: '1.0.0',
  ip: '::ffff:127.0.0.1',
  userAgent: 'Mozilla/5.0 (X11; Linux x86_64; rv:142.0) Gecko/20100101 Firefox/142.0',
  level: 'info',
  message: 'GET /docs/swagger-ui-bundle.js',
  timestamp: '2025-09-20 18:37:52'
}
{
  service: 'ms-trips',
  version: '1.0.0',
  ip: '::ffff:127.0.0.1',
  userAgent: 'Mozilla/5.0 (X11; Linux x86_64; rv:142.0) Gecko/20100101 Firefox/142.0',
  level: 'info',
  message: 'GET /docs/swagger-ui-standalone-preset.js',
  timestamp: '2025-09-20 18:37:52'
}
{
  service: 'ms-trips',
  version: '1.0.0',
  ip: '::ffff:127.0.0.1',
  userAgent: 'Mozilla/5.0 (X11; Linux x86_64; rv:142.0) Gecko/20100101 Firefox/142.0',
  level: 'info',
  message: 'GET /docs/swagger-ui-init.js',
  timestamp: '2025-09-20 18:37:52'
}
{
  service: 'ms-trips',
  version: '1.0.0',
  ip: '::ffff:127.0.0.1',
  userAgent: 'Mozilla/5.0 (X11; Linux x86_64; rv:142.0) Gecko/20100101 Firefox/142.0',
  level: 'info',
  message: 'GET /docs/favicon-32x32.png',
  timestamp: '2025-09-20 18:37:52'
}
{
  service: 'ms-trips',
  version: '1.0.0',
  ip: '::1',
  userAgent: 'curl/8.16.0',
  level: 'info',
  message: 'POST /api/v1/routes',
  timestamp: '2025-09-20 18:43:02'
}
{
  service: 'ms-trips',
  version: '1.0.0',
  ip: '::1',
  userAgent: 'curl/8.16.0',
  level: 'info',
  message: 'POST /api/v1/routes',
  timestamp: '2025-09-20 18:43:08'
}
{
  message: 'Received SIGTERM. Starting graceful shutdown...',
  level: 'info',
  service: 'ms-trips',
  version: '1.0.0',
  timestamp: '2025-09-20 18:44:03'
}
{
  message: 'Database connection established successfully',
  level: 'info',
  service: 'ms-trips',
  version: '1.0.0',
  timestamp: '2025-09-20 18:44:05'
}
{
  message: 'Database synchronized',
  level: 'info',
  service: 'ms-trips',
  version: '1.0.0',
  timestamp: '2025-09-20 18:44:05'
}
{
  message: '🚀 Bus MVP - Trips Service server is running on port 8002',
  level: 'info',
  service: 'ms-trips',
  version: '1.0.0',
  timestamp: '2025-09-20 18:44:05'
}
{
  message: '📚 API Documentation: http://localhost:8002/docs',
  level: 'info',
  service: 'ms-trips',
  version: '1.0.0',
  timestamp: '2025-09-20 18:44:05'
}
{
  message: '🏥 Health Check: http://localhost:8002/health',
  level: 'info',
  service: 'ms-trips',
  version: '1.0.0',
  timestamp: '2025-09-20 18:44:05'
}
{
  message: '🌍 Environment: development',
  level: 'info',
  service: 'ms-trips',
  version: '1.0.0',
  timestamp: '2025-09-20 18:44:05'
}
{
  service: 'ms-trips',
  version: '1.0.0',
  ip: '::1',
  userAgent: 'curl/8.16.0',
  level: 'info',
  message: 'GET /health',
  timestamp: '2025-09-20 18:44:13'
}
{
  service: 'ms-trips',
  version: '1.0.0',
  ip: '::1',
  userAgent: 'curl/8.16.0',
  level: 'info',
  message: 'GET /health',
  timestamp: '2025-09-20 18:44:14'
}
{
  service: 'ms-trips',
  version: '1.0.0',
  ip: '::1',
  userAgent: 'curl/8.16.0',
  level: 'info',
  message: 'POST /api/v1/routes',
  timestamp: '2025-09-20 18:44:23'
}
{
  message: 'Received SIGTERM. Starting graceful shutdown...',
  level: 'info',
  service: 'ms-trips',
  version: '1.0.0',
  timestamp: '2025-09-20 18:45:38'
}
{
  message: 'Database connection established successfully',
  level: 'info',
  service: 'ms-trips',
  version: '1.0.0',
  timestamp: '2025-09-20 18:45:40'
}
{
  message: 'Database synchronized',
  level: 'info',
  service: 'ms-trips',
  version: '1.0.0',
  timestamp: '2025-09-20 18:45:40'
}
{
  message: '🚀 Bus MVP - Trips Service server is running on port 8002',
  level: 'info',
  service: 'ms-trips',
  version: '1.0.0',
  timestamp: '2025-09-20 18:45:40'
}
{
  message: '📚 API Documentation: http://localhost:8002/docs',
  level: 'info',
  service: 'ms-trips',
  version: '1.0.0',
  timestamp: '2025-09-20 18:45:40'
}
{
  message: '🏥 Health Check: http://localhost:8002/health',
  level: 'info',
  service: 'ms-trips',
  version: '1.0.0',
  timestamp: '2025-09-20 18:45:40'
}
{
  message: '🌍 Environment: development',
  level: 'info',
  service: 'ms-trips',
  version: '1.0.0',
  timestamp: '2025-09-20 18:45:40'
}
{
  service: 'ms-trips',
  version: '1.0.0',
  ip: '::1',
  userAgent: 'curl/8.16.0',
  level: 'info',
  message: 'POST /api/v1/routes',
  timestamp: '2025-09-20 18:45:50'
}
{
  service: 'ms-trips',
  version: '1.0.0',
  ip: '::1',
  userAgent: 'curl/8.16.0',
  level: 'info',
  message: 'POST /api/v1/routes',
  timestamp: '2025-09-20 18:45:58'
}
{
  service: 'ms-trips',
  version: '1.0.0',
  ip: '::1',
  userAgent: 'curl/8.16.0',
  level: 'info',
  message: 'POST /api/v1/routes',
  timestamp: '2025-09-20 18:46:04'
}
{
  service: 'ms-trips',
  version: '1.0.0',
  ip: '::1',
  userAgent: 'curl/8.16.0',
  level: 'info',
  message: 'POST /api/v1/routes',
  timestamp: '2025-09-20 18:46:10'
}
{
  service: 'ms-trips',
  version: '1.0.0',
  ip: '::1',
  userAgent: 'curl/8.16.0',
  level: 'info',
  message: 'GET /api/v1/routes',
  timestamp: '2025-09-20 18:46:15'
}
{
  message: 'Received SIGTERM. Starting graceful shutdown...',
  level: 'info',
  service: 'ms-trips',
  version: '1.0.0',
  timestamp: '2025-09-20 18:49:37'
}
{
  message: 'Database connection established successfully',
  level: 'info',
  service: 'ms-trips',
  version: '1.0.0',
  timestamp: '2025-09-20 18:51:02'
}
{
  message: 'Database synchronized',
  level: 'info',
  service: 'ms-trips',
  version: '1.0.0',
  timestamp: '2025-09-20 18:51:02'
}
{
  message: '🚀 Bus MVP - Trips Service server is running on port 8002',
  level: 'info',
  service: 'ms-trips',
  version: '1.0.0',
  timestamp: '2025-09-20 18:51:02'
}
{
  message: '📚 API Documentation: http://localhost:8002/docs',
  level: 'info',
  service: 'ms-trips',
  version: '1.0.0',
  timestamp: '2025-09-20 18:51:02'
}
{
  message: '🏥 Health Check: http://localhost:8002/health',
  level: 'info',
  service: 'ms-trips',
  version: '1.0.0',
  timestamp: '2025-09-20 18:51:02'
}
{
  message: '🌍 Environment: development',
  level: 'info',
  service: 'ms-trips',
  version: '1.0.0',
  timestamp: '2025-09-20 18:51:02'
}
{
  service: 'ms-trips',
  version: '1.0.0',
  ip: '::1',
  userAgent: 'curl/8.16.0',
  level: 'info',
  message: 'POST /api/v1/admin/seed',
  timestamp: '2025-09-20 18:51:12'
}
{
  message: 'Database connection established successfully',
  level: 'info',
  service: 'ms-trips',
  version: '1.0.0',
  timestamp: '2025-09-20 18:52:10'
}
{
  message: 'Database synchronized',
  level: 'info',
  service: 'ms-trips',
  version: '1.0.0',
  timestamp: '2025-09-20 18:52:10'
}
{
  service: 'ms-trips',
  version: '1.0.0',
  ip: '::1',
  userAgent: 'curl/8.16.0',
  level: 'info',
  message: 'GET /api/v1/admin/data-status',
  timestamp: '2025-09-20 18:55:29'
}
{
  service: 'ms-trips',
  version: '1.0.0',
  ip: '::1',
  userAgent: 'curl/8.16.0',
  level: 'info',
  message: 'GET /api/v1/admin/data-status',
  timestamp: '2025-09-20 18:56:09'
}
{
  message: 'Received SIGTERM. Starting graceful shutdown...',
  level: 'info',
  service: 'ms-trips',
  version: '1.0.0',
  timestamp: '2025-09-20 18:56:16'
}
{
  message: 'Database connection established successfully',
  level: 'info',
  service: 'ms-trips',
  version: '1.0.0',
  timestamp: '2025-09-20 18:56:18'
}
{
  message: 'Database synchronized',
  level: 'info',
  service: 'ms-trips',
  version: '1.0.0',
  timestamp: '2025-09-20 18:56:18'
}
{
  message: '🚀 Bus MVP - Trips Service server is running on port 8002',
  level: 'info',
  service: 'ms-trips',
  version: '1.0.0',
  timestamp: '2025-09-20 18:56:18'
}
{
  message: '📚 API Documentation: http://localhost:8002/docs',
  level: 'info',
  service: 'ms-trips',
  version: '1.0.0',
  timestamp: '2025-09-20 18:56:18'
}
{
  message: '🏥 Health Check: http://localhost:8002/health',
  level: 'info',
  service: 'ms-trips',
  version: '1.0.0',
  timestamp: '2025-09-20 18:56:18'
}
{
  message: '🌍 Environment: development',
  level: 'info',
  service: 'ms-trips',
  version: '1.0.0',
  timestamp: '2025-09-20 18:56:18'
}
{
  service: 'ms-trips',
  version: '1.0.0',
  ip: '::1',
  userAgent: 'curl/8.16.0',
  level: 'info',
  message: 'GET /api/v1/admin/data-status',
  timestamp: '2025-09-20 18:56:33'
}
{
  service: 'ms-trips',
  version: '1.0.0',
  ip: '::1',
  userAgent: 'curl/8.16.0',
  level: 'info',
  message: 'GET /api/v1/admin/data-status',
  timestamp: '2025-09-20 18:56:35'
}
{
  service: 'ms-trips',
  version: '1.0.0',
  ip: '::1',
  userAgent: 'curl/8.16.0',
  level: 'info',
  message: 'GET /api/v1/routes',
  timestamp: '2025-09-20 18:56:42'
}
{
  service: 'ms-trips',
  version: '1.0.0',
  ip: '::1',
  userAgent: 'curl/8.16.0',
  level: 'info',
  message: 'GET /api/v1/routes/LIM_CUZ_001',
  timestamp: '2025-09-20 18:56:47'
}
{
  service: 'ms-trips',
  version: '1.0.0',
  error: 'Association with alias "trips" does not exist on Route',
  stack: 'Error: Association with alias "trips" does not exist on Route\n' +
    '    at Route._transformStringAssociation (/home/leonardo/Cursos/Cloud/proyecto-parcial/bus-mvp/backend/ms-trips/node_modules/sequelize/lib/model.js:275:15)\n' +
    '    at Route._conformInclude (/home/leonardo/Cursos/Cloud/proyecto-parcial/bus-mvp/backend/ms-trips/node_modules/sequelize/lib/model.js:300:38)\n' +
    '    at /home/leonardo/Cursos/Cloud/proyecto-parcial/bus-mvp/backend/ms-trips/node_modules/sequelize/lib/model.js:270:61\n' +
    '    at Array.map (<anonymous>)\n' +
    '    at Route._conformIncludes (/home/leonardo/Cursos/Cloud/proyecto-parcial/bus-mvp/backend/ms-trips/node_modules/sequelize/lib/model.js:270:39)\n' +
    '    at Route._baseMerge (/home/leonardo/Cursos/Cloud/proyecto-parcial/bus-mvp/backend/ms-trips/node_modules/sequelize/lib/model.js:622:10)\n' +
    '    at Route._defaultsOptions (/home/leonardo/Cursos/Cloud/proyecto-parcial/bus-mvp/backend/ms-trips/node_modules/sequelize/lib/model.js:656:17)\n' +
    '    at Route._injectScope (/home/leonardo/Cursos/Cloud/proyecto-parcial/bus-mvp/backend/ms-trips/node_modules/sequelize/lib/model.js:2053:10)\n' +
    '    at Route.findAll (/home/leonardo/Cursos/Cloud/proyecto-parcial/bus-mvp/backend/ms-trips/node_modules/sequelize/lib/model.js:1111:10)\n' +
    '    at Route.findOne (/home/leonardo/Cursos/Cloud/proyecto-parcial/bus-mvp/backend/ms-trips/node_modules/sequelize/lib/model.js:1240:23)',
  method: 'GET',
  url: '/api/v1/routes/LIM_CUZ_001',
  ip: '::1',
  userAgent: 'curl/8.16.0',
  level: 'error',
  message: 'Error occurred:',
  timestamp: '2025-09-20 18:56:47'
}
{
  service: 'ms-trips',
  version: '1.0.0',
  ip: '::1',
  userAgent: 'curl/8.16.0',
  level: 'info',
  message: 'GET /api/v1/routes/LIM_CUZ_001',
  timestamp: '2025-09-20 18:57:10'
}
{
  service: 'ms-trips',
  version: '1.0.0',
  error: 'Association with alias "trips" does not exist on Route',
  stack: 'Error: Association with alias "trips" does not exist on Route\n' +
    '    at Route._transformStringAssociation (/home/leonardo/Cursos/Cloud/proyecto-parcial/bus-mvp/backend/ms-trips/node_modules/sequelize/lib/model.js:275:15)\n' +
    '    at Route._conformInclude (/home/leonardo/Cursos/Cloud/proyecto-parcial/bus-mvp/backend/ms-trips/node_modules/sequelize/lib/model.js:300:38)\n' +
    '    at /home/leonardo/Cursos/Cloud/proyecto-parcial/bus-mvp/backend/ms-trips/node_modules/sequelize/lib/model.js:270:61\n' +
    '    at Array.map (<anonymous>)\n' +
    '    at Route._conformIncludes (/home/leonardo/Cursos/Cloud/proyecto-parcial/bus-mvp/backend/ms-trips/node_modules/sequelize/lib/model.js:270:39)\n' +
    '    at Route._baseMerge (/home/leonardo/Cursos/Cloud/proyecto-parcial/bus-mvp/backend/ms-trips/node_modules/sequelize/lib/model.js:622:10)\n' +
    '    at Route._defaultsOptions (/home/leonardo/Cursos/Cloud/proyecto-parcial/bus-mvp/backend/ms-trips/node_modules/sequelize/lib/model.js:656:17)\n' +
    '    at Route._injectScope (/home/leonardo/Cursos/Cloud/proyecto-parcial/bus-mvp/backend/ms-trips/node_modules/sequelize/lib/model.js:2053:10)\n' +
    '    at Route.findAll (/home/leonardo/Cursos/Cloud/proyecto-parcial/bus-mvp/backend/ms-trips/node_modules/sequelize/lib/model.js:1111:10)\n' +
    '    at Route.findOne (/home/leonardo/Cursos/Cloud/proyecto-parcial/bus-mvp/backend/ms-trips/node_modules/sequelize/lib/model.js:1240:23)',
  method: 'GET',
  url: '/api/v1/routes/LIM_CUZ_001',
  ip: '::1',
  userAgent: 'curl/8.16.0',
  level: 'error',
  message: 'Error occurred:',
  timestamp: '2025-09-20 18:57:10'
}
{
  message: 'Received SIGTERM. Starting graceful shutdown...',
  level: 'info',
  service: 'ms-trips',
  version: '1.0.0',
  timestamp: '2025-09-20 18:57:18'
}
{
  message: 'Database connection established successfully',
  level: 'info',
  service: 'ms-trips',
  version: '1.0.0',
  timestamp: '2025-09-20 18:57:21'
}
{
  message: 'Database synchronized',
  level: 'info',
  service: 'ms-trips',
  version: '1.0.0',
  timestamp: '2025-09-20 18:57:21'
}
{
  message: '🚀 Bus MVP - Trips Service server is running on port 8002',
  level: 'info',
  service: 'ms-trips',
  version: '1.0.0',
  timestamp: '2025-09-20 18:57:21'
}
{
  message: '📚 API Documentation: http://localhost:8002/docs',
  level: 'info',
  service: 'ms-trips',
  version: '1.0.0',
  timestamp: '2025-09-20 18:57:21'
}
{
  message: '🏥 Health Check: http://localhost:8002/health',
  level: 'info',
  service: 'ms-trips',
  version: '1.0.0',
  timestamp: '2025-09-20 18:57:21'
}
{
  message: '🌍 Environment: development',
  level: 'info',
  service: 'ms-trips',
  version: '1.0.0',
  timestamp: '2025-09-20 18:57:21'
}
{
  service: 'ms-trips',
  version: '1.0.0',
  ip: '::1',
  userAgent: 'curl/8.16.0',
  level: 'info',
  message: 'GET /api/v1/routes/LIM_CUZ_001',
  timestamp: '2025-09-20 18:57:39'
}
{
  service: 'ms-trips',
  version: '1.0.0',
  ip: '::1',
  userAgent: 'curl/8.16.0',
  level: 'info',
  message: 'GET /api/v1/routes/LIM_CUZ_001',
  timestamp: '2025-09-20 18:57:39'
}
{
  service: 'ms-trips',
  version: '1.0.0',
  ip: '::1',
  userAgent: 'curl/8.16.0',
  level: 'info',
  message: 'GET /api/v1/trips',
  timestamp: '2025-09-20 18:57:43'
}
{
  message: 'Received SIGTERM. Starting graceful shutdown...',
  level: 'info',
  service: 'ms-trips',
  version: '1.0.0',
  timestamp: '2025-09-20 18:58:52'
}
{
  message: 'Database connection established successfully',
  level: 'info',
  service: 'ms-trips',
  version: '1.0.0',
  timestamp: '2025-09-20 18:58:54'
}
{
  message: 'Database synchronized',
  level: 'info',
  service: 'ms-trips',
  version: '1.0.0',
  timestamp: '2025-09-20 18:58:54'
}
{
  message: '🚀 Bus MVP - Trips Service server is running on port 8002',
  level: 'info',
  service: 'ms-trips',
  version: '1.0.0',
  timestamp: '2025-09-20 18:58:54'
}
{
  message: '📚 API Documentation: http://localhost:8002/docs',
  level: 'info',
  service: 'ms-trips',
  version: '1.0.0',
  timestamp: '2025-09-20 18:58:54'
}
{
  message: '🏥 Health Check: http://localhost:8002/health',
  level: 'info',
  service: 'ms-trips',
  version: '1.0.0',
  timestamp: '2025-09-20 18:58:54'
}
{
  message: '🌍 Environment: development',
  level: 'info',
  service: 'ms-trips',
  version: '1.0.0',
  timestamp: '2025-09-20 18:58:54'
}
{
  service: 'ms-trips',
  version: '1.0.0',
  ip: '::1',
  userAgent: 'curl/8.16.0',
  level: 'info',
  message: 'GET /api/v1/trips',
  timestamp: '2025-09-20 18:59:01'
}
{
  service: 'ms-trips',
  version: '1.0.0',
  ip: '::1',
  userAgent: 'curl/8.16.0',
  level: 'info',
  message: 'GET /api/v1/trips',
  timestamp: '2025-09-20 18:59:01'
}
{
  service: 'ms-trips',
  version: '1.0.0',
  ip: '::1',
  userAgent: 'curl/8.16.0',
  level: 'info',
  message: 'PUT /api/v1/routes/LIM_ICA_006',
  timestamp: '2025-09-20 18:59:19'
}
{
  message: 'Received SIGTERM. Starting graceful shutdown...',
  level: 'info',
  service: 'ms-trips',
  version: '1.0.0',
  timestamp: '2025-09-20 19:00:36'
}
{
  message: 'Database connection established successfully',
  level: 'info',
  service: 'ms-trips',
  version: '1.0.0',
  timestamp: '2025-09-20 19:00:39'
}
{
  message: 'Database synchronized',
  level: 'info',
  service: 'ms-trips',
  version: '1.0.0',
  timestamp: '2025-09-20 19:00:39'
}
{
  message: '🚀 Bus MVP - Trips Service server is running on port 8002',
  level: 'info',
  service: 'ms-trips',
  version: '1.0.0',
  timestamp: '2025-09-20 19:00:39'
}
{
  message: '📚 API Documentation: http://localhost:8002/docs',
  level: 'info',
  service: 'ms-trips',
  version: '1.0.0',
  timestamp: '2025-09-20 19:00:39'
}
{
  message: '🏥 Health Check: http://localhost:8002/health',
  level: 'info',
  service: 'ms-trips',
  version: '1.0.0',
  timestamp: '2025-09-20 19:00:39'
}
{
  message: '🌍 Environment: development',
  level: 'info',
  service: 'ms-trips',
  version: '1.0.0',
  timestamp: '2025-09-20 19:00:39'
}
{
  service: 'ms-trips',
  version: '1.0.0',
  ip: '::1',
  userAgent: 'curl/8.16.0',
  level: 'info',
  message: 'GET /docs',
  timestamp: '2025-09-20 19:04:54'
}
{
  service: 'ms-trips',
  version: '1.0.0',
  ip: '::1',
  userAgent: 'curl/8.16.0',
  level: 'info',
  message: 'GET /',
  timestamp: '2025-09-20 19:04:58'
}
{
  message: 'Received SIGTERM. Starting graceful shutdown...',
  level: 'info',
  service: 'ms-trips',
  version: '1.0.0',
  timestamp: '2025-09-20 19:06:17'
}
{
  message: 'Database connection established successfully',
  level: 'info',
  service: 'ms-trips',
  version: '1.0.0',
  timestamp: '2025-09-20 19:06:19'
}
{
  message: 'Database synchronized',
  level: 'info',
  service: 'ms-trips',
  version: '1.0.0',
  timestamp: '2025-09-20 19:06:19'
}
{
  message: '🚀 Bus MVP - Trips Service server is running on port 8002',
  level: 'info',
  service: 'ms-trips',
  version: '1.0.0',
  timestamp: '2025-09-20 19:06:19'
}
{
  message: '📚 API Documentation: http://localhost:8002/docs',
  level: 'info',
  service: 'ms-trips',
  version: '1.0.0',
  timestamp: '2025-09-20 19:06:19'
}
{
  message: '🏥 Health Check: http://localhost:8002/health',
  level: 'info',
  service: 'ms-trips',
  version: '1.0.0',
  timestamp: '2025-09-20 19:06:19'
}
{
  message: '🌍 Environment: development',
  level: 'info',
  service: 'ms-trips',
  version: '1.0.0',
  timestamp: '2025-09-20 19:06:19'
}
{
  service: 'ms-trips',
  version: '1.0.0',
  ip: '::1',
  userAgent: 'curl/8.16.0',
  level: 'info',
  message: 'HEAD /docs',
  timestamp: '2025-09-20 19:06:26'
}
{
  service: 'ms-trips',
  version: '1.0.0',
  ip: '::1',
  userAgent: 'curl/8.16.0',
  level: 'info',
  message: 'GET /api-docs',
  timestamp: '2025-09-20 19:06:27'
}
{
  message: 'Received SIGTERM. Starting graceful shutdown...',
  level: 'info',
  service: 'ms-trips',
  version: '1.0.0',
  timestamp: '2025-09-20 19:06:47'
}
{
  message: 'Database connection established successfully',
  level: 'info',
  service: 'ms-trips',
  version: '1.0.0',
  timestamp: '2025-09-20 19:06:47'
}
{
  message: 'Database synchronized',
  level: 'info',
  service: 'ms-trips',
  version: '1.0.0',
  timestamp: '2025-09-20 19:06:47'
}
{
  message: '🚀 Bus MVP - Trips Service server is running on port 8002',
  level: 'info',
  service: 'ms-trips',
  version: '1.0.0',
  timestamp: '2025-09-20 19:06:47'
}
{
  message: '📚 API Documentation: http://localhost:8002/docs',
  level: 'info',
  service: 'ms-trips',
  version: '1.0.0',
  timestamp: '2025-09-20 19:06:47'
}
{
  message: '🏥 Health Check: http://localhost:8002/health',
  level: 'info',
  service: 'ms-trips',
  version: '1.0.0',
  timestamp: '2025-09-20 19:06:47'
}
{
  message: '🌍 Environment: development',
  level: 'info',
  service: 'ms-trips',
  version: '1.0.0',
  timestamp: '2025-09-20 19:06:47'
}
{
  message: 'Received SIGINT. Starting graceful shutdown...',
  level: 'info',
  service: 'ms-trips',
  version: '1.0.0',
  timestamp: '2025-09-20 19:06:54'
}
{
  message: 'Database connection established successfully',
  level: 'info',
  service: 'ms-trips',
  version: '1.0.0',
  timestamp: '2025-09-20 19:07:04'
}
{
  message: 'Database synchronized',
  level: 'info',
  service: 'ms-trips',
  version: '1.0.0',
  timestamp: '2025-09-20 19:07:04'
}
{
  message: '🚀 Bus MVP - Trips Service server is running on port 8002',
  level: 'info',
  service: 'ms-trips',
  version: '1.0.0',
  timestamp: '2025-09-20 19:07:04'
}
{
  message: '📚 API Documentation: http://localhost:8002/docs',
  level: 'info',
  service: 'ms-trips',
  version: '1.0.0',
  timestamp: '2025-09-20 19:07:04'
}
{
  message: '🏥 Health Check: http://localhost:8002/health',
  level: 'info',
  service: 'ms-trips',
  version: '1.0.0',
  timestamp: '2025-09-20 19:07:04'
}
{
  message: '🌍 Environment: development',
  level: 'info',
  service: 'ms-trips',
  version: '1.0.0',
  timestamp: '2025-09-20 19:07:04'
}
{
  service: 'ms-trips',
  version: '1.0.0',
  ip: '::1',
  userAgent: 'curl/8.16.0',
  level: 'info',
  message: 'GET /docs',
  timestamp: '2025-09-20 19:07:10'
}
{
  service: 'ms-trips',
  version: '1.0.0',
  ip: '::1',
  userAgent: 'curl/8.16.0',
  level: 'info',
  message: 'GET /docs',
  timestamp: '2025-09-20 19:07:11'
}
{
  service: 'ms-trips',
  version: '1.0.0',
  ip: '::1',
  userAgent: 'curl/8.16.0',
  level: 'info',
  message: 'GET /docs/',
  timestamp: '2025-09-20 19:07:15'
}
{
  service: 'ms-trips',
  version: '1.0.0',
  ip: '::ffff:127.0.0.1',
  userAgent: 'Mozilla/5.0 (X11; Linux x86_64; rv:142.0) Gecko/20100101 Firefox/142.0',
  level: 'info',
  message: 'GET /docs/',
  timestamp: '2025-09-20 19:07:35'
}
{
  service: 'ms-trips',
  version: '1.0.0',
  ip: '::ffff:127.0.0.1',
  userAgent: 'Mozilla/5.0 (X11; Linux x86_64; rv:142.0) Gecko/20100101 Firefox/142.0',
  level: 'info',
  message: 'GET /docs/swagger-ui.css',
  timestamp: '2025-09-20 19:07:35'
}
{
  service: 'ms-trips',
  version: '1.0.0',
  ip: '::ffff:127.0.0.1',
  userAgent: 'Mozilla/5.0 (X11; Linux x86_64; rv:142.0) Gecko/20100101 Firefox/142.0',
  level: 'info',
  message: 'GET /docs/swagger-ui-bundle.js',
  timestamp: '2025-09-20 19:07:35'
}
{
  service: 'ms-trips',
  version: '1.0.0',
  ip: '::ffff:127.0.0.1',
  userAgent: 'Mozilla/5.0 (X11; Linux x86_64; rv:142.0) Gecko/20100101 Firefox/142.0',
  level: 'info',
  message: 'GET /docs/swagger-ui-init.js',
  timestamp: '2025-09-20 19:07:35'
}
{
  service: 'ms-trips',
  version: '1.0.0',
  ip: '::ffff:127.0.0.1',
  userAgent: 'Mozilla/5.0 (X11; Linux x86_64; rv:142.0) Gecko/20100101 Firefox/142.0',
  level: 'info',
  message: 'GET /docs/swagger-ui-standalone-preset.js',
  timestamp: '2025-09-20 19:07:35'
}
{
  service: 'ms-trips',
  version: '1.0.0',
  ip: '::1',
  userAgent: 'curl/8.16.0',
  level: 'info',
  message: 'GET /api/v1/trips/search',
  timestamp: '2025-09-20 19:07:58'
}
{
  service: 'ms-trips',
  version: '1.0.0',
  error: 'Route is not associated to Trip!',
  stack: 'SequelizeEagerLoadingError: Route is not associated to Trip!\n' +
    '    at Trip._getIncludedAssociation (/home/leonardo/Cursos/Cloud/proyecto-parcial/bus-mvp/backend/ms-trips/node_modules/sequelize/lib/model.js:565:13)\n' +
    '    at Trip._validateIncludedElement (/home/leonardo/Cursos/Cloud/proyecto-parcial/bus-mvp/backend/ms-trips/node_modules/sequelize/lib/model.js:502:53)\n' +
    '    at /home/leonardo/Cursos/Cloud/proyecto-parcial/bus-mvp/backend/ms-trips/node_modules/sequelize/lib/model.js:421:37\n' +
    '    at Array.map (<anonymous>)\n' +
    '    at Trip._validateIncludedElements (/home/leonardo/Cursos/Cloud/proyecto-parcial/bus-mvp/backend/ms-trips/node_modules/sequelize/lib/model.js:417:39)\n' +
    '    at Trip.aggregate (/home/leonardo/Cursos/Cloud/proyecto-parcial/bus-mvp/backend/ms-trips/node_modules/sequelize/lib/model.js:1252:12)\n' +
    '    at Trip.count (/home/leonardo/Cursos/Cloud/proyecto-parcial/bus-mvp/backend/ms-trips/node_modules/sequelize/lib/model.js:1306:31)\n' +
    '    at process.processTicksAndRejections (node:internal/process/task_queues:105:5)\n' +
    '    at async Promise.all (index 0)\n' +
    '    at async Trip.findAndCountAll (/home/leonardo/Cursos/Cloud/proyecto-parcial/bus-mvp/backend/ms-trips/node_modules/sequelize/lib/model.js:1322:27)',
  method: 'GET',
  url: '/api/v1/trips/search?origin=Lima&destination=Cusco&departureDate=2025-09-21',
  ip: '::1',
  userAgent: 'curl/8.16.0',
  level: 'error',
  message: 'Error occurred:',
  timestamp: '2025-09-20 19:07:58'
}
{
  service: 'ms-trips',
  version: '1.0.0',
  ip: '::1',
  userAgent: 'curl/8.16.0',
  level: 'info',
  message: 'GET /api/v1/trips/search',
  timestamp: '2025-09-20 19:08:06'
}
{
  service: 'ms-trips',
  version: '1.0.0',
  error: 'Route is not associated to Trip!',
  stack: 'SequelizeEagerLoadingError: Route is not associated to Trip!\n' +
    '    at Trip._getIncludedAssociation (/home/leonardo/Cursos/Cloud/proyecto-parcial/bus-mvp/backend/ms-trips/node_modules/sequelize/lib/model.js:565:13)\n' +
    '    at Trip._validateIncludedElement (/home/leonardo/Cursos/Cloud/proyecto-parcial/bus-mvp/backend/ms-trips/node_modules/sequelize/lib/model.js:502:53)\n' +
    '    at /home/leonardo/Cursos/Cloud/proyecto-parcial/bus-mvp/backend/ms-trips/node_modules/sequelize/lib/model.js:421:37\n' +
    '    at Array.map (<anonymous>)\n' +
    '    at Trip._validateIncludedElements (/home/leonardo/Cursos/Cloud/proyecto-parcial/bus-mvp/backend/ms-trips/node_modules/sequelize/lib/model.js:417:39)\n' +
    '    at Trip.aggregate (/home/leonardo/Cursos/Cloud/proyecto-parcial/bus-mvp/backend/ms-trips/node_modules/sequelize/lib/model.js:1252:12)\n' +
    '    at Trip.count (/home/leonardo/Cursos/Cloud/proyecto-parcial/bus-mvp/backend/ms-trips/node_modules/sequelize/lib/model.js:1306:31)\n' +
    '    at process.processTicksAndRejections (node:internal/process/task_queues:105:5)\n' +
    '    at async Promise.all (index 0)\n' +
    '    at async Trip.findAndCountAll (/home/leonardo/Cursos/Cloud/proyecto-parcial/bus-mvp/backend/ms-trips/node_modules/sequelize/lib/model.js:1322:27)',
  method: 'GET',
  url: '/api/v1/trips/search?origin=Lima&destination=Cusco&departureDate=2025-09-21',
  ip: '::1',
  userAgent: 'curl/8.16.0',
  level: 'error',
  message: 'Error occurred:',
  timestamp: '2025-09-20 19:08:06'
}
{
  message: 'Received SIGTERM. Starting graceful shutdown...',
  level: 'info',
  service: 'ms-trips',
  version: '1.0.0',
  timestamp: '2025-09-20 19:09:08'
}
{
  message: 'Database connection established successfully',
  level: 'info',
  service: 'ms-trips',
  version: '1.0.0',
  timestamp: '2025-09-20 19:09:10'
}
{
  message: 'Database synchronized',
  level: 'info',
  service: 'ms-trips',
  version: '1.0.0',
  timestamp: '2025-09-20 19:09:10'
}
{
  message: '🚀 Bus MVP - Trips Service server is running on port 8002',
  level: 'info',
  service: 'ms-trips',
  version: '1.0.0',
  timestamp: '2025-09-20 19:09:10'
}
{
  message: '📚 API Documentation: http://localhost:8002/docs',
  level: 'info',
  service: 'ms-trips',
  version: '1.0.0',
  timestamp: '2025-09-20 19:09:10'
}
{
  message: '🏥 Health Check: http://localhost:8002/health',
  level: 'info',
  service: 'ms-trips',
  version: '1.0.0',
  timestamp: '2025-09-20 19:09:10'
}
{
  message: '🌍 Environment: development',
  level: 'info',
  service: 'ms-trips',
  version: '1.0.0',
  timestamp: '2025-09-20 19:09:10'
}
{
  service: 'ms-trips',
  version: '1.0.0',
  ip: '::1',
  userAgent: 'curl/8.16.0',
  level: 'info',
  message: 'GET /api/v1/trips/search',
  timestamp: '2025-09-20 19:10:06'
}
{
  service: 'ms-trips',
  version: '1.0.0',
  ip: '::1',
  userAgent: 'curl/8.16.0',
  level: 'info',
  message: 'GET /api/v1/health',
  timestamp: '2025-09-20 19:10:36'
}
{
  service: 'ms-trips',
  version: '1.0.0',
  ip: '::1',
  userAgent: 'curl/8.16.0',
  level: 'info',
  message: 'GET /api/v1/trips/search',
  timestamp: '2025-09-20 19:10:43'
}
{
  service: 'ms-trips',
  version: '1.0.0',
  ip: '::1',
  userAgent: 'curl/8.16.0',
  level: 'info',
  message: 'GET /api/v1/trips',
  timestamp: '2025-09-20 19:10:47'
}
{
  service: 'ms-trips',
  version: '1.0.0',
  ip: '::1',
  userAgent: 'curl/8.16.0',
  level: 'info',
  message: 'GET /api/v1/trips/search',
  timestamp: '2025-09-20 19:10:54'
}
{
  service: 'ms-trips',
  version: '1.0.0',
  ip: '::1',
  userAgent: 'curl/8.16.0',
  level: 'info',
  message: 'GET /docs/',
  timestamp: '2025-09-20 19:10:58'
}
{
  service: 'ms-trips',
  version: '1.0.0',
  ip: '::1',
  userAgent: 'curl/8.16.0',
  level: 'info',
  message: 'POST /api/v1/trips',
  timestamp: '2025-09-20 19:11:08'
}
{
  service: 'ms-trips',
  version: '1.0.0',
  error: 'Route with ID ARE_LIM_006 not found',
  stack: 'Error: Route with ID ARE_LIM_006 not found\n' +
    '    at createTrip (/home/leonardo/Cursos/Cloud/proyecto-parcial/bus-mvp/backend/ms-trips/src/controllers/tripController.js:148:21)\n' +
    '    at process.processTicksAndRejections (node:internal/process/task_queues:105:5)',
  method: 'POST',
  url: '/api/v1/trips',
  ip: '::1',
  userAgent: 'curl/8.16.0',
  level: 'error',
  message: 'Error occurred:',
  timestamp: '2025-09-20 19:11:08'
}
{
  service: 'ms-trips',
  version: '1.0.0',
  ip: '::1',
  userAgent: 'curl/8.16.0',
  level: 'info',
  message: 'GET /api/v1/routes',
  timestamp: '2025-09-20 19:11:11'
}
{
  service: 'ms-trips',
  version: '1.0.0',
  ip: '::1',
  userAgent: 'curl/8.16.0',
  level: 'info',
  message: 'POST /api/v1/trips',
  timestamp: '2025-09-20 19:11:43'
}
{
  service: 'ms-trips',
  version: '1.0.0',
  ip: '::1',
  userAgent: 'curl/8.16.0',
  level: 'info',
  message: 'PUT /api/v1/trips/TRP_20250923_LIM_ICA_06',
  timestamp: '2025-09-20 19:11:59'
}
{
  service: 'ms-trips',
  version: '1.0.0',
  error: "Data truncated for column 'status' at row 1",
  stack: 'Error\n' +
    '    at Query.run (/home/leonardo/Cursos/Cloud/proyecto-parcial/bus-mvp/backend/ms-trips/node_modules/sequelize/lib/dialects/mysql/query.js:52:25)\n' +
    '    at /home/leonardo/Cursos/Cloud/proyecto-parcial/bus-mvp/backend/ms-trips/node_modules/sequelize/lib/sequelize.js:315:28\n' +
    '    at process.processTicksAndRejections (node:internal/process/task_queues:105:5)\n' +
    '    at async MySQLQueryInterface.update (/home/leonardo/Cursos/Cloud/proyecto-parcial/bus-mvp/backend/ms-trips/node_modules/sequelize/lib/dialects/abstract/query-interface.js:355:12)\n' +
    '    at async Trip.save (/home/leonardo/Cursos/Cloud/proyecto-parcial/bus-mvp/backend/ms-trips/node_modules/sequelize/lib/model.js:2490:35)\n' +
    '    at async Trip.update (/home/leonardo/Cursos/Cloud/proyecto-parcial/bus-mvp/backend/ms-trips/node_modules/sequelize/lib/model.js:2598:12)\n' +
    '    at async updateTrip (/home/leonardo/Cursos/Cloud/proyecto-parcial/bus-mvp/backend/ms-trips/src/controllers/tripController.js:192:5)',
  method: 'PUT',
  url: '/api/v1/trips/TRP_20250923_LIM_ICA_06',
  ip: '::1',
  userAgent: 'curl/8.16.0',
  level: 'error',
  message: 'Error occurred:',
  timestamp: '2025-09-20 19:11:59'
}
{
  service: 'ms-trips',
  version: '1.0.0',
  ip: '::1',
  userAgent: 'curl/8.16.0',
  level: 'info',
  message: 'PUT /api/v1/trips/TRP_20250923_LIM_ICA_06',
  timestamp: '2025-09-20 19:12:14'
}
{
  service: 'ms-trips',
  version: '1.0.0',
  ip: '::1',
  userAgent: 'curl/8.16.0',
  level: 'info',
  message: 'DELETE /api/v1/trips/TRP_20250923_LIM_ICA_06',
  timestamp: '2025-09-20 19:12:18'
}
{
  service: 'ms-trips',
  version: '1.0.0',
  ip: '::1',
  userAgent: 'curl/8.16.0',
  level: 'info',
  message: 'GET /api/v1/admin/data-status',
  timestamp: '2025-09-20 19:12:21'
}
{
  service: 'ms-trips',
  version: '1.0.0',
  ip: '::1',
  userAgent: 'curl/8.16.0',
  level: 'info',
  message: 'POST /api/v1/admin/clear-data',
  timestamp: '2025-09-20 19:12:24'
}
{
  service: 'ms-trips',
  version: '1.0.0',
  ip: '::1',
  userAgent: 'curl/8.16.0',
  level: 'info',
  message: 'DELETE /api/v1/admin/clear-data',
  timestamp: '2025-09-20 19:12:32'
}
{
  service: 'ms-trips',
  version: '1.0.0',
  ip: '::1',
  userAgent: 'curl/8.16.0',
  level: 'info',
  message: 'POST /api/v1/admin/seed',
  timestamp: '2025-09-20 19:12:50'
}
{
  service: 'ms-trips',
  version: '1.0.0',
  ip: '::1',
  userAgent: 'curl/8.16.0',
  level: 'info',
  message: 'GET /api/v1/admin/data-status',
  timestamp: '2025-09-20 19:12:54'
}
{
  service: 'ms-trips',
  version: '1.0.0',
  ip: '::1',
  userAgent: 'curl/8.16.0',
  level: 'info',
  message: 'GET /api/v1/trips/search',
  timestamp: '2025-09-20 19:13:15'
}
{
  service: 'ms-trips',
  version: '1.0.0',
  ip: '::1',
  userAgent: 'curl/8.16.0',
  level: 'info',
  message: 'GET /api/v1/health',
  timestamp: '2025-09-20 19:20:58'
}
{
  message: 'Database connection established successfully',
  level: 'info',
  service: 'ms-trips',
  version: '1.0.0',
  timestamp: '2025-09-20 19:21:15'
}
{
  message: 'Database synchronized',
  level: 'info',
  service: 'ms-trips',
  version: '1.0.0',
  timestamp: '2025-09-20 19:21:15'
}
{
  service: 'ms-trips',
  version: '1.0.0',
  ip: '::1',
  userAgent: 'curl/8.16.0',
  level: 'info',
  message: 'GET /api/v1/health',
  timestamp: '2025-09-20 19:21:23'
}
{
  service: 'ms-trips',
  version: '1.0.0',
  ip: '::1',
  userAgent: 'curl/8.16.0',
  level: 'info',
  message: 'GET /api/v1/health',
  timestamp: '2025-09-20 19:21:28'
}
{
  message: 'Received SIGTERM. Starting graceful shutdown...',
  level: 'info',
  service: 'ms-trips',
  version: '1.0.0',
  timestamp: '2025-09-20 19:22:01'
}
{
  message: 'Database connection established successfully',
  level: 'info',
  service: 'ms-trips',
  version: '1.0.0',
  timestamp: '2025-09-20 19:22:04'
}
{
  message: 'Database synchronized',
  level: 'info',
  service: 'ms-trips',
  version: '1.0.0',
  timestamp: '2025-09-20 19:22:04'
}
{
  message: '🚀 Bus MVP - Trips Service server is running on port 8002',
  level: 'info',
  service: 'ms-trips',
  version: '1.0.0',
  timestamp: '2025-09-20 19:22:04'
}
{
  message: '📚 API Documentation: http://localhost:8002/docs',
  level: 'info',
  service: 'ms-trips',
  version: '1.0.0',
  timestamp: '2025-09-20 19:22:04'
}
{
  message: '🏥 Health Check: http://localhost:8002/health',
  level: 'info',
  service: 'ms-trips',
  version: '1.0.0',
  timestamp: '2025-09-20 19:22:04'
}
{
  message: '🌍 Environment: development',
  level: 'info',
  service: 'ms-trips',
  version: '1.0.0',
  timestamp: '2025-09-20 19:22:04'
}
{
  service: 'ms-trips',
  version: '1.0.0',
  ip: '::1',
  userAgent: 'curl/8.16.0',
  level: 'info',
  message: 'GET /api/v1/health',
  timestamp: '2025-09-20 19:22:11'
}
{
  service: 'ms-trips',
  version: '1.0.0',
  ip: '::1',
  userAgent: 'curl/8.16.0',
  level: 'info',
  message: 'GET /api/v1/health',
  timestamp: '2025-09-20 19:22:16'
}
{
  service: 'ms-trips',
  version: '1.0.0',
  ip: '::1',
  userAgent: 'curl/8.16.0',
  level: 'info',
  message: 'GET /api/v1/admin/data-status',
  timestamp: '2025-09-20 19:22:41'
}
{
  service: 'ms-trips',
  version: '1.0.0',
  ip: '::1',
  userAgent: 'curl/8.16.0',
  level: 'info',
  message: 'GET /api/v1/trips/search',
  timestamp: '2025-09-20 19:22:50'
}
{
  service: 'ms-trips',
  version: '1.0.0',
  ip: '::1',
  userAgent: 'Mozilla/5.0 (X11; Linux x86_64) AppleWebKit/537.36 (KHTML, like Gecko) Code/1.104.1 Chrome/138.0.7204.235 Electron/37.3.1 Safari/537.36',
  level: 'info',
  message: 'GET /docs/',
  timestamp: '2025-09-20 19:24:11'
}
{
  service: 'ms-trips',
  version: '1.0.0',
  ip: '::ffff:127.0.0.1',
  userAgent: 'Mozilla/5.0 (X11; Linux x86_64; rv:142.0) Gecko/20100101 Firefox/142.0',
  level: 'info',
  message: 'GET /docs/',
  timestamp: '2025-09-20 19:24:21'
}
{
  service: 'ms-trips',
  version: '1.0.0',
  ip: '::ffff:127.0.0.1',
  userAgent: 'Mozilla/5.0 (X11; Linux x86_64; rv:142.0) Gecko/20100101 Firefox/142.0',
  level: 'info',
  message: 'GET /docs/swagger-ui-bundle.js',
  timestamp: '2025-09-20 19:24:21'
}
{
  service: 'ms-trips',
  version: '1.0.0',
  ip: '::ffff:127.0.0.1',
  userAgent: 'Mozilla/5.0 (X11; Linux x86_64; rv:142.0) Gecko/20100101 Firefox/142.0',
  level: 'info',
  message: 'GET /docs/swagger-ui-standalone-preset.js',
  timestamp: '2025-09-20 19:24:21'
}
{
  service: 'ms-trips',
  version: '1.0.0',
  ip: '::ffff:127.0.0.1',
  userAgent: 'Mozilla/5.0 (X11; Linux x86_64; rv:142.0) Gecko/20100101 Firefox/142.0',
  level: 'info',
  message: 'GET /docs/swagger-ui-init.js',
  timestamp: '2025-09-20 19:24:21'
}
{
  service: 'ms-trips',
  version: '1.0.0',
  ip: '::ffff:127.0.0.1',
  userAgent: 'Mozilla/5.0 (X11; Linux x86_64; rv:142.0) Gecko/20100101 Firefox/142.0',
  level: 'info',
  message: 'GET /docs/swagger-ui.css',
  timestamp: '2025-09-20 19:24:21'
}
{
  service: 'ms-trips',
  version: '1.0.0',
  ip: '::1',
  userAgent: 'curl/8.16.0',
  level: 'info',
  message: 'GET /docs/',
  timestamp: '2025-09-20 19:46:06'
}
{
  service: 'ms-trips',
  version: '1.0.0',
  name: 'SequelizeAccessDeniedError',
  parent: Error: Access denied for user 'trips_user'@'localhost' (using password: YES)
      at Packet.asError (/root/bus-mvp/backend/ms-trips/node_modules/mysql2/lib/packets/packet.js:740:17)
      at ClientHandshake.execute (/root/bus-mvp/backend/ms-trips/node_modules/mysql2/lib/commands/command.js:29:26)
      at Connection.handlePacket (/root/bus-mvp/backend/ms-trips/node_modules/mysql2/lib/base/connection.js:475:34)
      at PacketParser.onPacket (/root/bus-mvp/backend/ms-trips/node_modules/mysql2/lib/base/connection.js:93:12)
      at PacketParser.executeStart (/root/bus-mvp/backend/ms-trips/node_modules/mysql2/lib/packet_parser.js:75:16)
      at Socket.<anonymous> (/root/bus-mvp/backend/ms-trips/node_modules/mysql2/lib/base/connection.js:100:25)
      at Socket.emit (node:events:524:28)
      at addChunk (node:internal/streams/readable:561:12)
      at readableAddChunkPushByteMode (node:internal/streams/readable:512:3)
      at Readable.push (node:internal/streams/readable:392:5) {
    code: 'ER_ACCESS_DENIED_ERROR',
    errno: 1045,
    sqlState: '28000',
    sqlMessage: "Access denied for user 'trips_user'@'localhost' (using password: YES)",
    sql: undefined
  },
  original: Error: Access denied for user 'trips_user'@'localhost' (using password: YES)
      at Packet.asError (/root/bus-mvp/backend/ms-trips/node_modules/mysql2/lib/packets/packet.js:740:17)
      at ClientHandshake.execute (/root/bus-mvp/backend/ms-trips/node_modules/mysql2/lib/commands/command.js:29:26)
      at Connection.handlePacket (/root/bus-mvp/backend/ms-trips/node_modules/mysql2/lib/base/connection.js:475:34)
      at PacketParser.onPacket (/root/bus-mvp/backend/ms-trips/node_modules/mysql2/lib/base/connection.js:93:12)
      at PacketParser.executeStart (/root/bus-mvp/backend/ms-trips/node_modules/mysql2/lib/packet_parser.js:75:16)
      at Socket.<anonymous> (/root/bus-mvp/backend/ms-trips/node_modules/mysql2/lib/base/connection.js:100:25)
      at Socket.emit (node:events:524:28)
      at addChunk (node:internal/streams/readable:561:12)
      at readableAddChunkPushByteMode (node:internal/streams/readable:512:3)
      at Readable.push (node:internal/streams/readable:392:5) {
    code: 'ER_ACCESS_DENIED_ERROR',
    errno: 1045,
    sqlState: '28000',
    sqlMessage: "Access denied for user 'trips_user'@'localhost' (using password: YES)",
    sql: undefined
  },
  level: 'error',
  message: "Failed to start server: Access denied for user 'trips_user'@'localhost' (using password: YES)",
  stack: "SequelizeAccessDeniedError: Access denied for user 'trips_user'@'localhost' (using password: YES)\n" +
    '    at ConnectionManager.connect (/root/bus-mvp/backend/ms-trips/node_modules/sequelize/lib/dialects/mysql/connection-manager.js:94:17)\n' +
    '    at process.processTicksAndRejections (node:internal/process/task_queues:95:5)\n' +
    '    at async ConnectionManager._connect (/root/bus-mvp/backend/ms-trips/node_modules/sequelize/lib/dialects/abstract/connection-manager.js:222:24)\n' +
    '    at async /root/bus-mvp/backend/ms-trips/node_modules/sequelize/lib/dialects/abstract/connection-manager.js:174:32\n' +
    '    at async ConnectionManager.getConnection (/root/bus-mvp/backend/ms-trips/node_modules/sequelize/lib/dialects/abstract/connection-manager.js:197:7)\n' +
    '    at async /root/bus-mvp/backend/ms-trips/node_modules/sequelize/lib/sequelize.js:305:26\n' +
    '    at async Sequelize.authenticate (/root/bus-mvp/backend/ms-trips/node_modules/sequelize/lib/sequelize.js:457:5)\n' +
    '    at async startServer (/root/bus-mvp/backend/ms-trips/src/server.js:10:5)',
  timestamp: '2025-10-06 08:23:47'
}
{
  message: 'Database connection established successfully',
  level: 'info',
  service: 'ms-trips',
  version: '1.0.0',
  timestamp: '2025-10-06 08:25:11'
}
{
  message: 'Database synchronized',
  level: 'info',
  service: 'ms-trips',
  version: '1.0.0',
  timestamp: '2025-10-06 08:25:11'
}
{
  message: '🚀 Bus MVP - Trips Service server is running on port 8002',
  level: 'info',
  service: 'ms-trips',
  version: '1.0.0',
  timestamp: '2025-10-06 08:25:11'
}
{
  message: '📚 API Documentation: http://localhost:8002/docs',
  level: 'info',
  service: 'ms-trips',
  version: '1.0.0',
  timestamp: '2025-10-06 08:25:11'
}
{
  message: '🏥 Health Check: http://localhost:8002/health',
  level: 'info',
  service: 'ms-trips',
  version: '1.0.0',
  timestamp: '2025-10-06 08:25:11'
}
{
  message: '🌍 Environment: development',
  level: 'info',
  service: 'ms-trips',
  version: '1.0.0',
  timestamp: '2025-10-06 08:25:11'
}
{
  message: 'Database connection established successfully',
  level: 'info',
  service: 'ms-trips',
  version: '1.0.0',
  timestamp: '2025-10-06 08:25:56'
}
{
  message: 'Database synchronized',
  level: 'info',
  service: 'ms-trips',
  version: '1.0.0',
  timestamp: '2025-10-06 08:25:56'
}
{
  message: '🚀 Bus MVP - Trips Service server is running on port 8002',
  level: 'info',
  service: 'ms-trips',
  version: '1.0.0',
  timestamp: '2025-10-06 08:25:56'
}
{
  message: '📚 API Documentation: http://localhost:8002/docs',
  level: 'info',
  service: 'ms-trips',
  version: '1.0.0',
  timestamp: '2025-10-06 08:25:56'
}
{
  message: '🏥 Health Check: http://localhost:8002/health',
  level: 'info',
  service: 'ms-trips',
  version: '1.0.0',
  timestamp: '2025-10-06 08:25:56'
}
{
  message: '🌍 Environment: development',
  level: 'info',
  service: 'ms-trips',
  version: '1.0.0',
  timestamp: '2025-10-06 08:25:56'
}
{
  service: 'ms-trips',
  version: '1.0.0',
  ip: '::ffff:127.0.0.1',
  userAgent: 'curl/7.81.0',
  level: 'info',
  message: 'GET /health',
  timestamp: '2025-10-06 08:26:03'
}
{
  service: 'ms-trips',
  version: '1.0.0',
  ip: '::ffff:127.0.0.1',
  userAgent: 'curl/7.81.0',
  level: 'info',
  message: 'POST /api/v1/trips',
  timestamp: '2025-10-06 08:26:24'
}
{
  service: 'ms-trips',
  version: '1.0.0',
  error: 'Cannot add or update a child row: a foreign key constraint fails (`trips_db`.`trips`, CONSTRAINT `trips_ibfk_1` FOREIGN KEY (`route_id`) REFERENCES `routes` (`route_id`) ON DELETE RESTRICT ON UPDATE CASCADE)',
  stack: 'Error\n' +
    '    at Query.run (/root/bus-mvp/backend/ms-trips/node_modules/sequelize/lib/dialects/mysql/query.js:52:25)\n' +
    '    at /root/bus-mvp/backend/ms-trips/node_modules/sequelize/lib/sequelize.js:315:28\n' +
    '    at process.processTicksAndRejections (node:internal/process/task_queues:95:5)\n' +
    '    at async MySQLQueryInterface.insert (/root/bus-mvp/backend/ms-trips/node_modules/sequelize/lib/dialects/abstract/query-interface.js:308:21)\n' +
    '    at async Trip.save (/root/bus-mvp/backend/ms-trips/node_modules/sequelize/lib/model.js:2490:35)\n' +
    '    at async Trip.create (/root/bus-mvp/backend/ms-trips/node_modules/sequelize/lib/model.js:1362:12)\n' +
    '    at async createTrip (/root/bus-mvp/backend/ms-trips/src/controllers/tripController.js:153:18)',
  method: 'POST',
  url: '/api/v1/trips',
  ip: '::ffff:127.0.0.1',
  userAgent: 'curl/7.81.0',
  level: 'error',
  message: 'Error occurred:',
  timestamp: '2025-10-06 08:26:24'
}
{
  service: 'ms-trips',
  version: '1.0.0',
  ip: '::ffff:127.0.0.1',
  userAgent: 'curl/7.81.0',
  level: 'info',
  message: 'POST /api/v1/trips',
  timestamp: '2025-10-06 08:27:19'
}
{
  service: 'ms-trips',
  version: '1.0.0',
  ip: '::ffff:127.0.0.1',
  userAgent: 'curl/7.81.0',
  level: 'info',
  message: 'GET /api/v1/trips',
  timestamp: '2025-10-06 08:30:28'
}
{
  service: 'ms-trips',
  version: '1.0.0',
  ip: '::ffff:127.0.0.1',
  userAgent: 'curl/7.81.0',
  level: 'info',
  message: 'DELETE /api/v1/trips/TRP_20251010_LIM_CUZ_10',
  timestamp: '2025-10-06 08:30:28'
}
{
  service: 'ms-trips',
  version: '1.0.0',
  ip: '::ffff:127.0.0.1',
  userAgent: 'curl/7.81.0',
  level: 'info',
  message: 'GET /health',
  timestamp: '2025-10-06 08:35:03'
}
